// Vitest Snapshot v1

exports[`ConsumptionEmailResult > renders correctly 1`] = `
"<div class=\\"flex flex-col gap-8 px-6 py-12 w-[576px] h-fit bg-slate-50 rounded-xl border border-slate-200\\">
  <div class=\\"flex flex-col gap-3 text-center\\">
    <h4 class=\\"text-xl font-bold\\">Vous ne souhaitez pas attendre ?</h4>
    <p> Renseignez votre mail pour recevoir<br>les résultats dès qu'ils seront prêts : </p>
  </div>
  <div class=\\"flex flex-col gap-6\\">
    <div class=\\"flex flex-col gap-1.5 relative\\"><label class=\\"font-normal\\">Votre adresse mail</label>
      <div class=\\"hidden\\"><img src=\\"/src/assets/icons/interface-delete-circle.svg\\" alt=\\"\\"></div><input type=\\"email\\" class=\\"border border-neutral-400 rounded\\">
      <!--v-if-->
    </div>
    <div class=\\"flex p-0 gap-3 items-top\\">
      <div class=\\"shadow-sm w-5 h-5 rounded border flex justify-center items-center mt-[3px] border-slate-400\\"><input type=\\"checkbox\\" class=\\"opacity-0 absolute\\"><svg class=\\"w-3 h-3 pointer-events-none stroke-slate-900 stroke-2\\" viewBox=\\"0 0 14 14\\" style=\\"display: none;\\">
          <path d=\\"M0.5 8.5498L3.23 12.0598C3.32212 12.1795 3.44016 12.2768 3.57525 12.3443C3.71034 12.4119 3.85898 12.4479 4.01 12.4498C4.15859 12.4515 4.3057 12.4201 4.44063 12.3578C4.57555 12.2956 4.6949 12.204 4.79 12.0898L13.5 1.5498\\" fill=\\"none\\"></path>
        </svg></div>
      <div class=\\"flex w-fit\\">
        <p class=\\"font-normal text-base\\"> J'autorise la transmission de mon adresse mail pour l'envoi de ma simulation. Celle-ci ne sera pas conservée. </p>
      </div>
    </div>
    <div class=\\"flex flex-row text-neutral-700\\">
      <p> Vous pouvez lire notre <span tabindex=\\"0\\" class=\\"font-medium underline decoration-1 hover:cursor-pointer\\" data-testid=\\"privacy-link\\"> Politique de confidentialité </span></p><img src=\\"/src/assets/icons/expand-small-bigger-retract-smaller-big.svg\\" class=\\"w-3.5 h-3.5 ml-2 mt-1\\">
    </div>
    <div class=\\"flex flex-row justify-center\\"><button class=\\"bg-black shadow-sm rounded-lg gap-3 px-4 py-3 items-center flex flex-row justify-center w-fit\\"><span class=\\"text-white text-base font-medium\\">Recevoir mon rapport en PDF</span>
        <!--v-if-->
      </button></div>
    <!--v-if-->
  </div>
</div>"
`;
