// Vitest Snapshot v1

exports[`ElectricityConsumptionButton.vue > renders the component correctly 1`] = `
"<div class=\\"flex flex-col gap-2.5 py-6 font-dm-sans\\"><button class=\\"bg-black shadow-sm rounded-lg gap-3 px-4 py-3 items-center flex flex-row justify-center\\" id=\\"button-manual-input\\"><span class=\\"text-white text-base font-medium\\">Saisir les informations de ma facture</span></button>
  <div class=\\"flex flex-row justify-between gap-[22px]\\"><img src=\\"/src/assets/icons/rectangle.svg\\">
    <p class=\\"text-sm font-dm-sans font-normal text-neutral-400 my-4\\">OU</p><img src=\\"/src/assets/icons/rectangle.svg\\">
  </div><button class=\\"border border-black rounded-lg gap-3 px-4 py-3 mb-6 items-center flex flex-row justify-center\\" id=\\"button-linky\\"><img src=\\"/src/assets/icons/expand-small-bigger-retract-smaller-big.svg\\" class=\\"h-5 w-5\\"><span class=\\"text-black text-base font-medium\\">Connecter mon compteur Linky</span></button>
  <p class=\\"text-xs font-dm-sans font-normal text-neutral-600\\"> Ma consommation n'est traitée que le temps de la simulation et n' est pas conservée ultérieurement. Je peux également obtenir une simulation partielle sans renseigner ma consommation. <span id=\\"skipText\\" class=\\"font-medium underline decoration-1 cursor-pointer\\">Passer cette étape</span></p>
</div>"
`;
