// Vitest Snapshot v1

exports[`ElectricityConsumptionManual.vue > renders the component correctly 1`] = `
"<div data-v-1452b0f4=\\"\\" class=\\"flex flex-col gap-1.5 mt-10\\">
  <p data-v-1452b0f4=\\"\\" class=\\"font-dm-sans text-sm\\">Votre consommation annuelle</p>
  <div data-v-1452b0f4=\\"\\" class=\\"flex flex-row\\"><input data-v-1452b0f4=\\"\\" class=\\"border border-neutral-400 rounded h-[42px] px-3 py-[9px] text-black font-dm-sans text-medium placeholder:text-neutral-600 placeholder:text-base placeholder:font-dm-sans w-full\\" type=\\"number\\" placeholder=\\"kWh\\">
    <!--v-if-->
  </div>
</div>"
`;
