// Vitest Snapshot v1

exports[`LabelsProfitability > renders correctly 1`] = `
"<div class=\\"flex flex-col gap-6 w-[100%] bg-slate-100 rounded-lg p-6 mx-auto\\"><img src=\\"test-image.jpg\\" alt=\\"Test Image\\">
  <div>Title test</div>
  <div></div>
  <div class=\\"flex flex-row cursor-pointer w-fit\\" tabindex=\\"0\\">
    <p class=\\"underline decoration-1 font-medium text-base\\"> Accéder à la page </p><img src=\\"/src/assets/icons/expand-small-bigger-retract-smaller-big.svg\\" class=\\"w-3.5 h-3.5 ml-2 mt-1\\">
  </div>
</div>"
`;
